{
    "Should run without failures and output should be correct": {
        "content": [
            {
                "0": [
                    [
                        "47454_1#1_SPT66875_PFA_Spec",
                        "47454_1#1.clipped.fastq:md5,0dd029efe25ef48245e4cfaab0a52ac4",
                        "Spec_v1.0.fasta:md5,1eead451b24a7c91d08e13ff9be3e9e5"
                    ],
                    [
                        "47454_1#2_SPT66876_PFA_Spec",
                        "47454_1#2.clipped.fastq:md5,d0a27bf0449dd6d9869511b916f6d2a6",
                        "Spec_v1.0.fasta:md5,1eead451b24a7c91d08e13ff9be3e9e5"
                    ],
                    [
                        "47454_1#365_SPT66896_PFA_GRC1_v1.0",
                        "47454_1#365.clipped.fastq:md5,c2037440f5fe1f27642df21268f1696d",
                        "Pf_GRC1v1.0.fasta:md5,47163a2687af02c95bafcd169fc8e4d0"
                    ],
                    [
                        "47454_1#366_SPT66897_PFA_GRC1_v1.0",
                        "47454_1#366.clipped.fastq:md5,51517e13efdcd47bbc65bf64a01c2bc6",
                        "Pf_GRC1v1.0.fasta:md5,47163a2687af02c95bafcd169fc8e4d0"
                    ]
                ],
                "1": [
                    [
                        "47454_1#1_SPT66875_PFA_Spec",
                        "PFA_Spec",
                        "Spec_v1.0.fasta:md5,1eead451b24a7c91d08e13ff9be3e9e5",
                        "Spec_v1.0.annotation.vcf:md5,491fee622f9538c85a82ec516e992a9c"
                    ],
                    [
                        "47454_1#2_SPT66876_PFA_Spec",
                        "PFA_Spec",
                        "Spec_v1.0.fasta:md5,1eead451b24a7c91d08e13ff9be3e9e5",
                        "Spec_v1.0.annotation.vcf:md5,491fee622f9538c85a82ec516e992a9c"
                    ],
                    [
                        "47454_1#365_SPT66896_PFA_GRC1_v1.0",
                        "PFA_GRC1_v1.0",
                        "Pf_GRC1v1.0.fasta:md5,47163a2687af02c95bafcd169fc8e4d0",
                        "Pf_GRC1v1.0.annotation.vcf:md5,529e3362ad5ded7ff1b14e312b060cc5"
                    ],
                    [
                        "47454_1#366_SPT66897_PFA_GRC1_v1.0",
                        "PFA_GRC1_v1.0",
                        "Pf_GRC1v1.0.fasta:md5,47163a2687af02c95bafcd169fc8e4d0",
                        "Pf_GRC1v1.0.annotation.vcf:md5,529e3362ad5ded7ff1b14e312b060cc5"
                    ]
                ],
                "2": [
                    [
                        "47454_1#2_SPT66876_PFA_Spec",
                        "SPT66876"
                    ],
                    [
                        "47454_1#365_SPT66896_PFA_GRC1_v1.0",
                        "SPT66896"
                    ],
                    [
                        "47454_1#366_SPT66897_PFA_GRC1_v1.0",
                        "SPT66897"
                    ]
                ],
                "fastq_ch": [
                    [
                        "47454_1#1_SPT66875_PFA_Spec",
                        "47454_1#1.clipped.fastq:md5,0dd029efe25ef48245e4cfaab0a52ac4",
                        "Spec_v1.0.fasta:md5,1eead451b24a7c91d08e13ff9be3e9e5"
                    ],
                    [
                        "47454_1#2_SPT66876_PFA_Spec",
                        "47454_1#2.clipped.fastq:md5,d0a27bf0449dd6d9869511b916f6d2a6",
                        "Spec_v1.0.fasta:md5,1eead451b24a7c91d08e13ff9be3e9e5"
                    ],
                    [
                        "47454_1#365_SPT66896_PFA_GRC1_v1.0",
                        "47454_1#365.clipped.fastq:md5,c2037440f5fe1f27642df21268f1696d",
                        "Pf_GRC1v1.0.fasta:md5,47163a2687af02c95bafcd169fc8e4d0"
                    ],
                    [
                        "47454_1#366_SPT66897_PFA_GRC1_v1.0",
                        "47454_1#366.clipped.fastq:md5,51517e13efdcd47bbc65bf64a01c2bc6",
                        "Pf_GRC1v1.0.fasta:md5,47163a2687af02c95bafcd169fc8e4d0"
                    ]
                ],
                "file_id_reference_files_ch": [
                    [
                        "47454_1#1_SPT66875_PFA_Spec",
                        "PFA_Spec",
                        "Spec_v1.0.fasta:md5,1eead451b24a7c91d08e13ff9be3e9e5",
                        "Spec_v1.0.annotation.vcf:md5,491fee622f9538c85a82ec516e992a9c"
                    ],
                    [
                        "47454_1#2_SPT66876_PFA_Spec",
                        "PFA_Spec",
                        "Spec_v1.0.fasta:md5,1eead451b24a7c91d08e13ff9be3e9e5",
                        "Spec_v1.0.annotation.vcf:md5,491fee622f9538c85a82ec516e992a9c"
                    ],
                    [
                        "47454_1#365_SPT66896_PFA_GRC1_v1.0",
                        "PFA_GRC1_v1.0",
                        "Pf_GRC1v1.0.fasta:md5,47163a2687af02c95bafcd169fc8e4d0",
                        "Pf_GRC1v1.0.annotation.vcf:md5,529e3362ad5ded7ff1b14e312b060cc5"
                    ],
                    [
                        "47454_1#366_SPT66897_PFA_GRC1_v1.0",
                        "PFA_GRC1_v1.0",
                        "Pf_GRC1v1.0.fasta:md5,47163a2687af02c95bafcd169fc8e4d0",
                        "Pf_GRC1v1.0.annotation.vcf:md5,529e3362ad5ded7ff1b14e312b060cc5"
                    ]
                ],
                "file_id_to_sample_id_ch": [
                    [
                        "47454_1#2_SPT66876_PFA_Spec",
                        "SPT66876"
                    ],
                    [
                        "47454_1#365_SPT66896_PFA_GRC1_v1.0",
                        "SPT66896"
                    ],
                    [
                        "47454_1#366_SPT66897_PFA_GRC1_v1.0",
                        "SPT66897"
                    ]
                ]
            }
        ],
        "timestamp": "2023-08-21T08:18:22+0000"
    },
    "Should run without failures": {
        "content": [
            {
                "0": [
                    [
                        "47454_1#1_SPT66875_PFA_Spec",
                        "47454_1#1.clipped.fastq:md5,0dd029efe25ef48245e4cfaab0a52ac4",
                        "Spec_v1.0.fasta:md5,1eead451b24a7c91d08e13ff9be3e9e5"
                    ],
                    [
                        "47454_1#2_SPT66876_PFA_Spec",
                        "47454_1#2.clipped.fastq:md5,d0a27bf0449dd6d9869511b916f6d2a6",
                        "Spec_v1.0.fasta:md5,1eead451b24a7c91d08e13ff9be3e9e5"
                    ],
                    [
                        "47454_1#365_SPT66896_PFA_GRC1_v1.0",
                        "47454_1#365.clipped.fastq:md5,c2037440f5fe1f27642df21268f1696d",
                        "Pf_GRC1v1.0.fasta:md5,47163a2687af02c95bafcd169fc8e4d0"
                    ],
                    [
                        "47454_1#366_SPT66897_PFA_GRC1_v1.0",
                        "47454_1#366.clipped.fastq:md5,51517e13efdcd47bbc65bf64a01c2bc6",
                        "Pf_GRC1v1.0.fasta:md5,47163a2687af02c95bafcd169fc8e4d0"
                    ]
                ],
                "1": [
                    [
                        "47454_1#1_SPT66875_PFA_Spec",
                        "PFA_Spec",
                        "Spec_v1.0.fasta:md5,1eead451b24a7c91d08e13ff9be3e9e5",
                        "Spec_v1.0.annotation.vcf:md5,491fee622f9538c85a82ec516e992a9c"
                    ],
                    [
                        "47454_1#2_SPT66876_PFA_Spec",
                        "PFA_Spec",
                        "Spec_v1.0.fasta:md5,1eead451b24a7c91d08e13ff9be3e9e5",
                        "Spec_v1.0.annotation.vcf:md5,491fee622f9538c85a82ec516e992a9c"
                    ],
                    [
                        "47454_1#365_SPT66896_PFA_GRC1_v1.0",
                        "PFA_GRC1_v1.0",
                        "Pf_GRC1v1.0.fasta:md5,47163a2687af02c95bafcd169fc8e4d0",
                        "Pf_GRC1v1.0.annotation.vcf:md5,529e3362ad5ded7ff1b14e312b060cc5"
                    ],
                    [
                        "47454_1#366_SPT66897_PFA_GRC1_v1.0",
                        "PFA_GRC1_v1.0",
                        "Pf_GRC1v1.0.fasta:md5,47163a2687af02c95bafcd169fc8e4d0",
                        "Pf_GRC1v1.0.annotation.vcf:md5,529e3362ad5ded7ff1b14e312b060cc5"
                    ]
                ],
                "2": [
                    [
                        "47454_1#1_SPT66875_PFA_Spec",
                        "SPT66875"
                    ],
                    [
                        "47454_1#2_SPT66876_PFA_Spec",
                        "SPT66876"
                    ],
                    [
                        "47454_1#365_SPT66896_PFA_GRC1_v1.0",
                        "SPT66896"
                    ],
                    [
                        "47454_1#366_SPT66897_PFA_GRC1_v1.0",
                        "SPT66897"
                    ]
                ],
                "fastq_ch": [
                    [
                        "47454_1#1_SPT66875_PFA_Spec",
                        "47454_1#1.clipped.fastq:md5,0dd029efe25ef48245e4cfaab0a52ac4",
                        "Spec_v1.0.fasta:md5,1eead451b24a7c91d08e13ff9be3e9e5"
                    ],
                    [
                        "47454_1#2_SPT66876_PFA_Spec",
                        "47454_1#2.clipped.fastq:md5,d0a27bf0449dd6d9869511b916f6d2a6",
                        "Spec_v1.0.fasta:md5,1eead451b24a7c91d08e13ff9be3e9e5"
                    ],
                    [
                        "47454_1#365_SPT66896_PFA_GRC1_v1.0",
                        "47454_1#365.clipped.fastq:md5,c2037440f5fe1f27642df21268f1696d",
                        "Pf_GRC1v1.0.fasta:md5,47163a2687af02c95bafcd169fc8e4d0"
                    ],
                    [
                        "47454_1#366_SPT66897_PFA_GRC1_v1.0",
                        "47454_1#366.clipped.fastq:md5,51517e13efdcd47bbc65bf64a01c2bc6",
                        "Pf_GRC1v1.0.fasta:md5,47163a2687af02c95bafcd169fc8e4d0"
                    ]
                ],
                "file_id_reference_files_ch": [
                    [
                        "47454_1#1_SPT66875_PFA_Spec",
                        "PFA_Spec",
                        "Spec_v1.0.fasta:md5,1eead451b24a7c91d08e13ff9be3e9e5",
                        "Spec_v1.0.annotation.vcf:md5,491fee622f9538c85a82ec516e992a9c"
                    ],
                    [
                        "47454_1#2_SPT66876_PFA_Spec",
                        "PFA_Spec",
                        "Spec_v1.0.fasta:md5,1eead451b24a7c91d08e13ff9be3e9e5",
                        "Spec_v1.0.annotation.vcf:md5,491fee622f9538c85a82ec516e992a9c"
                    ],
                    [
                        "47454_1#365_SPT66896_PFA_GRC1_v1.0",
                        "PFA_GRC1_v1.0",
                        "Pf_GRC1v1.0.fasta:md5,47163a2687af02c95bafcd169fc8e4d0",
                        "Pf_GRC1v1.0.annotation.vcf:md5,529e3362ad5ded7ff1b14e312b060cc5"
                    ],
                    [
                        "47454_1#366_SPT66897_PFA_GRC1_v1.0",
                        "PFA_GRC1_v1.0",
                        "Pf_GRC1v1.0.fasta:md5,47163a2687af02c95bafcd169fc8e4d0",
                        "Pf_GRC1v1.0.annotation.vcf:md5,529e3362ad5ded7ff1b14e312b060cc5"
                    ]
                ],
                "file_id_to_sample_id_ch": [
                    [
                        "47454_1#1_SPT66875_PFA_Spec",
                        "SPT66875"
                    ],
                    [
                        "47454_1#2_SPT66876_PFA_Spec",
                        "SPT66876"
                    ],
                    [
                        "47454_1#365_SPT66896_PFA_GRC1_v1.0",
                        "SPT66896"
                    ],
                    [
                        "47454_1#366_SPT66897_PFA_GRC1_v1.0",
                        "SPT66897"
                    ]
                ]
            }
        ],
        "timestamp": "2023-08-21T08:18:22+0000"
    }
}