{
    "Should run without failures": {
        "content": [
            {
                "0": [
                    "null_GRC.txt:md5,6cf86a4c499615697bc9f46bb9cce0a3"
                ],
                "grc": [
                    "null_GRC.txt:md5,6cf86a4c499615697bc9f46bb9cce0a3"
                ]
            }
        ],
        "timestamp": "2023-10-12T15:31:51+0000"
    }
}